#! /c/Source/iverilog-install/bin/vvp
:ivl_version "12.0 (devel)" "(s20150603-1539-g2693dd32b)";
:ivl_delay_selection "TYPICAL";
:vpi_time_precision - 12;
:vpi_module "C:\iverilog\lib\ivl\system.vpi";
:vpi_module "C:\iverilog\lib\ivl\vhdl_sys.vpi";
:vpi_module "C:\iverilog\lib\ivl\vhdl_textio.vpi";
:vpi_module "C:\iverilog\lib\ivl\v2005_math.vpi";
:vpi_module "C:\iverilog\lib\ivl\va_math.vpi";
:vpi_module "C:\iverilog\lib\ivl\v2009.vpi";
S_0000021672a17370 .scope package, "$unit" "$unit" 2 1;
 .timescale 0 0;
S_0000021672a17500 .scope module, "dice_tb" "dice_tb" 3 2;
 .timescale -9 -12;
v0000021672a17730_0 .var "button", 0 0;
v00000216729e2ce0_0 .var "clk", 0 0;
v00000216729e2d80_0 .var/i "file", 31 0;
v0000021672a68c50_0 .net "led", 6 0, v00000216729cad20_0;  1 drivers
v0000021672a68cf0_0 .var "rst", 0 0;
v0000021672a68d90_0 .var/i "seed", 31 0;
S_00000216729e29c0 .scope module, "uut" "dice" 3 12, 4 1 0, S_0000021672a17500;
 .timescale -9 -12;
    .port_info 0 /INPUT 1 "clk";
    .port_info 1 /INPUT 1 "rst";
    .port_info 2 /INPUT 1 "button";
    .port_info 3 /OUTPUT 7 "led";
v00000216729ca950_0 .net "button", 0 0, v0000021672a17730_0;  1 drivers
v00000216729c93b0_0 .net "clk", 0 0, v00000216729e2ce0_0;  1 drivers
v00000216729c9450_0 .var "counter", 15 0;
v00000216729cac80_0 .var "dice_value", 2 0;
v00000216729cad20_0 .var "led", 6 0;
v0000021672a17690_0 .net "rst", 0 0, v0000021672a68cf0_0;  1 drivers
E_0000021672a07a90 .event posedge, v0000021672a17690_0, v00000216729c93b0_0;
S_00000216729e2b50 .scope function.vec4.s7, "seg_encode" "seg_encode" 4 14, 4 14 0, S_00000216729e29c0;
 .timescale -9 -12;
v0000021672a09980_0 .var "num", 2 0;
; Variable seg_encode is vec4 return value of scope S_00000216729e2b50
TD_dice_tb.uut.seg_encode ;
    %load/vec4 v0000021672a09980_0;
    %dup/vec4;
    %pushi/vec4 1, 0, 3;
    %cmp/u;
    %jmp/1 T_0.0, 6;
    %dup/vec4;
    %pushi/vec4 2, 0, 3;
    %cmp/u;
    %jmp/1 T_0.1, 6;
    %dup/vec4;
    %pushi/vec4 3, 0, 3;
    %cmp/u;
    %jmp/1 T_0.2, 6;
    %dup/vec4;
    %pushi/vec4 4, 0, 3;
    %cmp/u;
    %jmp/1 T_0.3, 6;
    %dup/vec4;
    %pushi/vec4 5, 0, 3;
    %cmp/u;
    %jmp/1 T_0.4, 6;
    %dup/vec4;
    %pushi/vec4 6, 0, 3;
    %cmp/u;
    %jmp/1 T_0.5, 6;
    %pushi/vec4 64, 0, 7;
    %ret/vec4 0, 0, 7;  Assign to seg_encode (store_vec4_to_lval)
    %jmp T_0.7;
T_0.0 ;
    %pushi/vec4 121, 0, 7;
    %ret/vec4 0, 0, 7;  Assign to seg_encode (store_vec4_to_lval)
    %jmp T_0.7;
T_0.1 ;
    %pushi/vec4 36, 0, 7;
    %ret/vec4 0, 0, 7;  Assign to seg_encode (store_vec4_to_lval)
    %jmp T_0.7;
T_0.2 ;
    %pushi/vec4 48, 0, 7;
    %ret/vec4 0, 0, 7;  Assign to seg_encode (store_vec4_to_lval)
    %jmp T_0.7;
T_0.3 ;
    %pushi/vec4 25, 0, 7;
    %ret/vec4 0, 0, 7;  Assign to seg_encode (store_vec4_to_lval)
    %jmp T_0.7;
T_0.4 ;
    %pushi/vec4 18, 0, 7;
    %ret/vec4 0, 0, 7;  Assign to seg_encode (store_vec4_to_lval)
    %jmp T_0.7;
T_0.5 ;
    %pushi/vec4 2, 0, 7;
    %ret/vec4 0, 0, 7;  Assign to seg_encode (store_vec4_to_lval)
    %jmp T_0.7;
T_0.7 ;
    %pop/vec4 1;
    %end;
    .scope S_00000216729e29c0;
T_1 ;
    %wait E_0000021672a07a90;
    %load/vec4 v0000021672a17690_0;
    %flag_set/vec4 8;
    %jmp/0xz  T_1.0, 8;
    %pushi/vec4 0, 0, 16;
    %assign/vec4 v00000216729c9450_0, 0;
    %jmp T_1.1;
T_1.0 ;
    %load/vec4 v00000216729c9450_0;
    %addi 1, 0, 16;
    %assign/vec4 v00000216729c9450_0, 0;
T_1.1 ;
    %jmp T_1;
    .thread T_1;
    .scope S_00000216729e29c0;
T_2 ;
    %wait E_0000021672a07a90;
    %load/vec4 v0000021672a17690_0;
    %flag_set/vec4 8;
    %jmp/0xz  T_2.0, 8;
    %pushi/vec4 1, 0, 3;
    %assign/vec4 v00000216729cac80_0, 0;
    %pushi/vec4 1, 0, 3;
    %store/vec4 v0000021672a09980_0, 0, 3;
    %callf/vec4 TD_dice_tb.uut.seg_encode, S_00000216729e2b50;
    %assign/vec4 v00000216729cad20_0, 0;
    %jmp T_2.1;
T_2.0 ;
    %load/vec4 v00000216729ca950_0;
    %flag_set/vec4 8;
    %jmp/0xz  T_2.2, 8;
    %vpi_func 4 42 "$urandom_range" 32, 32'sb00000000000000000000000000000001, 32'sb00000000000000000000000000000110 {0 0 0};
    %pad/u 3;
    %assign/vec4 v00000216729cac80_0, 0;
    %load/vec4 v00000216729cac80_0;
    %store/vec4 v0000021672a09980_0, 0, 3;
    %callf/vec4 TD_dice_tb.uut.seg_encode, S_00000216729e2b50;
    %assign/vec4 v00000216729cad20_0, 0;
T_2.2 ;
T_2.1 ;
    %jmp T_2;
    .thread T_2;
    .scope S_0000021672a17500;
T_3 ;
    %delay 5000, 0;
    %load/vec4 v00000216729e2ce0_0;
    %inv;
    %store/vec4 v00000216729e2ce0_0, 0, 1;
    %jmp T_3;
    .thread T_3;
    .scope S_0000021672a17500;
T_4 ;
    %vpi_call/w 3 24 "$dumpfile", "dump.vcd" {0 0 0};
    %vpi_call/w 3 25 "$dumpvars", 32'sb00000000000000000000000000000000, S_0000021672a17500 {0 0 0};
    %vpi_call/w 3 26 "$display", "Time\011clk\011button\011dice_value\011LED" {0 0 0};
    %vpi_call/w 3 27 "$monitor", "%0t\011%b\011%b\011%0d\011%b", $time, v00000216729e2ce0_0, v0000021672a17730_0, v00000216729cac80_0, v0000021672a68c50_0 {0 0 0};
    %pushi/vec4 0, 0, 1;
    %store/vec4 v00000216729e2ce0_0, 0, 1;
    %pushi/vec4 1, 0, 1;
    %store/vec4 v0000021672a68cf0_0, 0, 1;
    %pushi/vec4 0, 0, 1;
    %store/vec4 v0000021672a17730_0, 0, 1;
    %vpi_func 3 36 "$value$plusargs" 32, "seed=%d", v0000021672a68d90_0 {0 0 0};
    %nor/r;
    %flag_set/vec4 8;
    %jmp/0xz  T_4.0, 8;
    %pushi/vec4 43981, 0, 32;
    %store/vec4 v0000021672a68d90_0, 0, 32;
T_4.0 ;
    %vpi_func 3 38 "$urandom" 32, v0000021672a68d90_0 {0 0 0};
    %store/vec4 v0000021672a68d90_0, 0, 32;
    %vpi_call/w 3 39 "$display", "Using seed = %0d", v0000021672a68d90_0 {0 0 0};
    %delay 20000, 0;
    %pushi/vec4 0, 0, 1;
    %store/vec4 v0000021672a68cf0_0, 0, 1;
    %delay 50000, 0;
    %pushi/vec4 1, 0, 1;
    %store/vec4 v0000021672a17730_0, 0, 1;
    %delay 10000, 0;
    %pushi/vec4 0, 0, 1;
    %store/vec4 v0000021672a17730_0, 0, 1;
    %delay 100000, 0;
    %pushi/vec4 1, 0, 1;
    %store/vec4 v0000021672a17730_0, 0, 1;
    %delay 10000, 0;
    %pushi/vec4 0, 0, 1;
    %store/vec4 v0000021672a17730_0, 0, 1;
    %delay 50000, 0;
    %vpi_func 3 54 "$fopen" 32, "result.txt", "w" {0 0 0};
    %store/vec4 v00000216729e2d80_0, 0, 32;
    %vpi_call/w 3 55 "$fwrite", v00000216729e2d80_0, "%0d\012", v00000216729cac80_0 {0 0 0};
    %vpi_call/w 3 56 "$fclose", v00000216729e2d80_0 {0 0 0};
    %vpi_call/w 3 58 "$display", "Dice result written to result.txt: %0d", v00000216729cac80_0 {0 0 0};
    %vpi_call/w 3 60 "$finish" {0 0 0};
    %end;
    .thread T_4;
# The file index is used to find the file name in the following table.
:file_names 5;
    "N/A";
    "<interactive>";
    "-";
    "dice_tb.v";
    "dice.v";
